1
1
3	1	1	1
rows	1	A	x
rows	3	c	x
rows	4	D	y
rows	6	f	y
change	1	insert	1	a	x
change	1	insert	2	b	x
change	1	insert	3	c	x
change	1	insert	4	d	y
change	1	insert	5	e	y
change	2	delete	2	b	x
change	3	update_postimage	4	D	y
change	3	update_preimage	4	d	y
change	4	update_postimage	1	A	x
change	4	update_preimage	1	a	x
change	4	delete	5	e	y
change	4	insert	6	f	y
4	2026-09-23 14:09:31.077	NULL	NULL	MERGE	{"matchedPredicates":"[{"predicate":"del#3361: boolean","actionType":"delete"},{"actionType":"update"}]","notMatchedBySourcePredicates":"[]","notMatchedPredicates":"[{"actionType":"insert"}]","predicate":"["(id#3355 = id#3358)"]"}	NULL	NULL	NULL	3	Serializable	false	{"executionTimeMs":"5314","numOutputRows":"2","numSourceRows":"3","numTargetBytesAdded":"1748","numTargetBytesRemoved":"660","numTargetChangeFilesAdded":"2","numTargetDeletionVectorsAdded":"1","numTargetDeletionVectorsRemoved":"2","numTargetDeletionVectorsUpdated":"1","numTargetFilesAdded":"2","numTargetFilesRemoved":"1","numTargetRowsCopied":"0","numTargetRowsDeleted":"1","numTargetRowsInserted":"1","numTargetRowsMatchedDeleted":"1","numTargetRowsMatchedUpdated":"1","numTargetRowsNotMatchedBySourceDeleted":"0","numTargetRowsNotMatchedBySourceUpdated":"0","numTargetRowsUpdated":"1","rewriteTimeMs":"1752","scanTimeMs":"3476"}	NULL	Apache-Spark/3.5.4 Delta-Lake/3.2.1
3	2026-09-23 14:09:25.44	NULL	NULL	UPDATE	{"predicate":"["(id#1660 = 4)"]"}	NULL	NULL	NULL	2	Serializable	false	{"executionTimeMs":"4569","numAddedBytes":"874","numAddedChangeFiles":"1","numAddedFiles":"1","numCopiedRows":"0","numDeletionVectorsAdded":"1","numDeletionVectorsRemoved":"0","numDeletionVectorsUpdated":"0","numRemovedBytes":"1003","numRemovedFiles":"1","numUpdatedRows":"1","rewriteTimeMs":"303","scanTimeMs":"3520"}	NULL	Apache-Spark/3.5.4 Delta-Lake/3.2.1
2	2026-09-23 14:09:20.576	NULL	NULL	DELETE	{"predicate":"["(id#142 = 2)"]"}	NULL	NULL	NULL	1	Serializable	false	{"executionTimeMs":"7665","numAddedBytes":"0","numAddedChangeFiles":"0","numAddedFiles":"0","numCopiedRows":"0","numDeletedRows":"1","numDeletionVectorsAdded":"1","numDeletionVectorsRemoved":"0","numDeletionVectorsUpdated":"0","numRemovedBytes":"0","numRemovedFiles":"0","rewriteTimeMs":"0","scanTimeMs":"0"}	NULL	Apache-Spark/3.5.4 Delta-Lake/3.2.1
1	2026-09-23 14:09:12.509	NULL	NULL	WRITE	{"mode":"Append","partitionBy":"[]"}	NULL	NULL	NULL	0	Serializable	true	{"numFiles":"2","numOutputBytes":"1329","numOutputRows":"5"}	NULL	Apache-Spark/3.5.4 Delta-Lake/3.2.1
0	2026-09-23 14:09:08.377	NULL	NULL	CREATE TABLE	{"clusterBy":"[]","description":null,"isManaged":"true","partitionBy":"["p"]","properties":"{"delta.enableChangeDataFeed":"true","delta.enableDeletionVectors":"true"}"}	NULL	NULL	NULL	NULL	Serializable	true	{}	NULL	Apache-Spark/3.5.4 Delta-Lake/3.2.1
